------------------------------------------------------------
TimeQuest Timing Analyzer Summary
------------------------------------------------------------

Type  : Slow 1200mV 85C Model Setup 'clk'
Slack : -1.335
TNS   : -12.862

Type  : Slow 1200mV 85C Model Setup 'swreg'
Slack : -0.965
TNS   : -4.384

Type  : Slow 1200mV 85C Model Hold 'clk'
Slack : -0.098
TNS   : -0.098

Type  : Slow 1200mV 85C Model Hold 'swreg'
Slack : 0.358
TNS   : 0.000

Type  : Slow 1200mV 85C Model Recovery 'swreg'
Slack : -0.707
TNS   : -5.577

Type  : Slow 1200mV 85C Model Removal 'swreg'
Slack : 1.077
TNS   : 0.000

Type  : Slow 1200mV 85C Model Minimum Pulse Width 'clk'
Slack : -3.000
TNS   : -19.000

Type  : Slow 1200mV 85C Model Minimum Pulse Width 'swreg'
Slack : -1.000
TNS   : -8.000

Type  : Slow 1200mV 85C Model Minimum Pulse Width 'cnt[15]'
Slack : -1.000
TNS   : -2.000

Type  : Slow 1200mV 0C Model Setup 'clk'
Slack : -1.058
TNS   : -9.697

Type  : Slow 1200mV 0C Model Setup 'swreg'
Slack : -0.781
TNS   : -3.209

Type  : Slow 1200mV 0C Model Hold 'clk'
Slack : -0.101
TNS   : -0.101

Type  : Slow 1200mV 0C Model Hold 'swreg'
Slack : 0.312
TNS   : 0.000

Type  : Slow 1200mV 0C Model Recovery 'swreg'
Slack : -0.570
TNS   : -4.489

Type  : Slow 1200mV 0C Model Removal 'swreg'
Slack : 1.017
TNS   : 0.000

Type  : Slow 1200mV 0C Model Minimum Pulse Width 'clk'
Slack : -3.000
TNS   : -19.000

Type  : Slow 1200mV 0C Model Minimum Pulse Width 'swreg'
Slack : -1.000
TNS   : -8.000

Type  : Slow 1200mV 0C Model Minimum Pulse Width 'cnt[15]'
Slack : -1.000
TNS   : -2.000

Type  : Fast 1200mV 0C Model Setup 'clk'
Slack : -0.323
TNS   : -1.131

Type  : Fast 1200mV 0C Model Setup 'swreg'
Slack : -0.085
TNS   : -0.109

Type  : Fast 1200mV 0C Model Hold 'clk'
Slack : -0.078
TNS   : -0.078

Type  : Fast 1200mV 0C Model Hold 'swreg'
Slack : 0.185
TNS   : 0.000

Type  : Fast 1200mV 0C Model Recovery 'swreg'
Slack : -0.149
TNS   : -1.146

Type  : Fast 1200mV 0C Model Removal 'swreg'
Slack : 0.750
TNS   : 0.000

Type  : Fast 1200mV 0C Model Minimum Pulse Width 'clk'
Slack : -3.000
TNS   : -19.983

Type  : Fast 1200mV 0C Model Minimum Pulse Width 'swreg'
Slack : -1.000
TNS   : -8.000

Type  : Fast 1200mV 0C Model Minimum Pulse Width 'cnt[15]'
Slack : -1.000
TNS   : -2.000

------------------------------------------------------------
